// Jest Snapshot v1, https://goo.gl/fbAQLP

exports[`renders demo correctly 1`] = `
<div>
  <div>
    <vm-notice-bar text="在代码阅读过程中人们说脏话的频率是衡量代码质量的唯一标准。" scrollable="" left-icon="volume-up"></vm-notice-bar>
  </div>
  <div>
    <vm-notice-bar scrollable="" text="技术是开发它的人的共同灵魂。"></vm-notice-bar>
    <vm-notice-bar text="在代码阅读过程中人们说脏话的频率是衡量代码质量的唯一标准。"></vm-notice-bar>
  </div>
  <div>
    <vm-notice-bar wrapable="" text="在代码阅读过程中人们说脏话的频率是衡量代码质量的唯一标准。"></vm-notice-bar>
  </div>
  <div>
    <vm-notice-bar mode="closeable" text="技术是开发它的人的共同灵魂。"></vm-notice-bar>
    <vm-notice-bar mode="link" text="技术是开发它的人的共同灵魂。"></vm-notice-bar>
  </div>
  <div>
    <vm-notice-bar text="技术是开发它的人的共同灵魂。" color="#1989fa" background="#ecf9ff" left-icon="info"></vm-notice-bar>
  </div>
  <div>
    <vm-notice-bar left-icon="volume-up">
      <vm-swipe vertical="" autoplay="3000" class="notice-swipe">
        <vm-swipe-item>内容 1</vm-swipe-item>
        <vm-swipe-item>内容 2</vm-swipe-item>
        <vm-swipe-item>内容 3</vm-swipe-item>
      </vm-swipe>
    </vm-notice-bar>
  </div>
</div>
`;
