// Jest Snapshot v1, https://goo.gl/fbAQLP

exports[`calc width 1`] = `<div class="vm-progress"><span class="vm-progress-portion" style="width: 0px;"><!----></span></div>`;

exports[`calc width 2`] = `
<div class="vm-progress"><span class="vm-progress-portion" style="width: 0px;"><span class="vm-progress-pivot" style="left: 0px;">
      test
    </span></span></div>
`;
