// Jest Snapshot v1, https://goo.gl/fbAQLP

exports[`renders demo correctly 1`] = `
<div>
  <div>
    <vm-cell is-link="" title="基本使用"></vm-cell>
    <vm-cell is-link="" title="展示取消按钮"></vm-cell>
    <vm-cell is-link="" title="展示描述信息"></vm-cell>
  </div>
  <div>
    <vm-cell is-link="" title="选项状态"></vm-cell>
  </div>
  <div>
    <vm-cell is-link="" title="自定义面板"></vm-cell>
  </div>
  <vm-action-sheet actions="[object Object],[object Object],[object Object]"></vm-action-sheet>
  <vm-action-sheet actions="[object Object],[object Object],[object Object]" close-on-click-action="" cancel-text="取消"></vm-action-sheet>
  <vm-action-sheet actions="[object Object],[object Object],[object Object]" close-on-click-action="" cancel-text="取消" description="这是一段描述信息"></vm-action-sheet>
  <vm-action-sheet close-on-click-action="" actions="[object Object],[object Object],[object Object]" cancel-text="取消"></vm-action-sheet>
  <vm-action-sheet title="标题">
    <div class="demo-action-sheet-content">内容</div>
  </vm-action-sheet>
</div>
`;
